// Jest Snapshot v1, https://goo.gl/fbAQLP

exports[`Content renders correctly 1`] = `
<div
  className="Content-root-1"
>
  <ul
    className="MuiGridList-root-4"
    style={
      Object {
        "margin": -2,
      }
    }
  >
    <div
      className="MuiPaper-root-7 MuiPaper-elevation1-10 MuiPaper-rounded-8 MuiCard-root-6 Deal-card-5"
    >
      <button
        className="MuiButtonBase-root-37 MuiCardActionArea-root-34"
        onBlur={[Function]}
        onFocus={[Function]}
        onKeyDown={[Function]}
        onKeyUp={[Function]}
        onMouseDown={[Function]}
        onMouseLeave={[Function]}
        onMouseUp={[Function]}
        onTouchEnd={[Function]}
        onTouchMove={[Function]}
        onTouchStart={[Function]}
        tabIndex="0"
        type="button"
      >
        <img
          alt="Contemplative Reptile"
          className="MuiCardMedia-root-40 MuiCardMedia-media-41"
          height="140"
          src="default.jpg"
          title="Default"
        />
        <div
          className="MuiCardContent-root-42"
        >
          <h2
            className="MuiTypography-root-43 MuiTypography-h5-59 MuiTypography-gutterBottom-70"
          >
            Default
          </h2>
          <p
            className="MuiTypography-root-43 MuiTypography-body1-52"
          />
          <p
            className="MuiTypography-root-43 MuiTypography-body1-52"
          >
            02 Nov
          </p>
        </div>
        <span
          className="MuiCardActionArea-focusHighlight-36"
        />
        <span
          className="MuiTouchRipple-root-78"
        />
      </button>
    </div>
  </ul>
</div>
`;
